// Jest Snapshot v1, https://goo.gl/fbAQLP

exports[`GameWithHooks test cases Render game field by default 1`] = `
<DocumentFragment>
  <div
    class="css-1gexv9m"
  >
    <div
      class="css-d2q1pa"
    >
      undefined
    </div>
    <select
      class="css-55qvia"
    >
      <option
        class="css-zcmdxr"
        value="beginner"
      >
        beginner
      </option>
      <option
        class="css-zcmdxr"
        value="intermediate"
      >
        intermediate
      </option>
      <option
        class="css-zcmdxr"
        value="expert"
      >
        expert
      </option>
    </select>
    <button
      class="css-1bva717"
    >
      🙂
    </button>
    <div
      class="css-d2q1pa"
    >
      NaN
    </div>
  </div>
  <div
    class="css-1p4hvro"
  >
    🙁
  </div>
  <div
    class="css-da0epy"
    role="grid"
    size="2"
  >
    <div
      class="css-1tt7j02"
      data-testid="0,0"
      role="cell"
    >
      10
    </div>
    <div
      class="css-1tt7j02"
      data-testid="0,1"
      role="cell"
    >
      10
    </div>
    <div
      class="css-1tt7j02"
      data-testid="1,0"
      role="cell"
    >
      10
    </div>
    <div
      class="css-1tt7j02"
      data-testid="1,1"
      role="cell"
    >
      10
    </div>
  </div>
</DocumentFragment>
`;
